// Jest Snapshot v1, https://goo.gl/fbAQLP

exports[`Client container render() render the component 1`] = `
<div
  className="item"
  onClick={[Function]}
  role="listitem"
>
  <ListIcon
    name="user"
  />
  <ListContent>
     
    Ololoev
     
    Ololevn
     
     
  </ListContent>
</div>
`;

exports[`ListItem container render() render the component 1`] = `
<div
  className="item"
  onClick={[Function]}
  role="listitem"
>
  <ListIcon
    name="user"
  />
  <ListContent>
     
    Ololoev
     
    Ololevn
     
     
  </ListContent>
</div>
`;
